2 ---> android.telephony.TelephonyManager: getSimSerialNumber()java.lang.String
3 ---> android.telephony.TelephonyManager: getVoiceMailNumber()java.lang.String
9 ---> android.telephony.TelephonyManager: getSimState()java.lang.Integer
12 ---> android.telephony.TelephonyManager: getNetworkCountryIso()java.lang.String
20 ---> android.telephony.TelephonyManager: getNetworkOperator()java.lang.String
28 ---> android.telephony.TelephonyManager: getLine1Number()java.lang.String
29 ---> android.telephony.TelephonyManager: getNetworkOperatorName()java.lang.String
42 ---> android.telephony.TelephonyManager: getSimOperatorName()java.lang.String
43 ---> android.telephony.TelephonyManager: getSimOperator()java.lang.String
55 ---> android.telephony.TelephonyManager: getDeviceSoftwareVersion()java.lang.String
60 ---> android.telephony.TelephonyManager: getNetworkType()java.lang.Integer
63 ---> android.telephony.TelephonyManager: getSimCountryIso()java.lang.String
71 ---> android.telephony.TelephonyManager: getSubscriberId()java.lang.String
72 ---> android.telephony.TelephonyManager: getDeviceId()java.lang.String
76 ---> android.telephony.TelephonyManager: getPhoneType()java.lang.Integer
