1 ---> android.net.NetworkInfo: getType()java.lang.Integer
2 ---> android.telephony.TelephonyManager: getSimSerialNumber()java.lang.String
3 ---> android.location.Location: getLatitude()D
22 ---> android.net.ConnectivityManager: getActiveNetworkInfo()android.net.NetworkInfo
24 ---> android.util.Log: d(java.lang.String,java.lang.String)java.lang.Integer
25 ---> android.net.NetworkInfo: getExtraInfo()java.lang.String
30 ---> android.telephony.gsm.GsmCellLocation: getLac()java.lang.Integer
42 ---> android.location.Location: getLongitude()D
50 ---> android.location.Location: getAccuracy()F
51 ---> android.location.LocationManager: getLastKnownLocation(java.lang.String)android.location.Location
57 ---> android.telephony.TelephonyManager: getCellLocation()android.telephony.CellLocation
59 ---> java.net.URL: openConnection(java.net.Proxy)java.net.URLConnection
61 ---> java.net.URL: openConnection()java.net.URLConnection
66 ---> android.telephony.TelephonyManager: getNetworkOperator()java.lang.String
78 ---> android.util.Log: e(java.lang.String,java.lang.String,java.lang.Throwable)java.lang.Integer
94 ---> android.telephony.gsm.GsmCellLocation: getCid()java.lang.Integer
95 ---> android.location.Location: getTime()J
99 ---> android.telephony.TelephonyManager: getSubscriberId()java.lang.String
100 ---> android.util.Log: e(java.lang.String,java.lang.String)java.lang.Integer
103 ---> android.telephony.TelephonyManager: getDeviceId()java.lang.String
